// Jest Snapshot v1, https://goo.gl/fbAQLP

exports[`should take a snapshot 1`] = `
<DocumentFragment>
  <div
    class="main-div-container"
  >
    <div
      class="signUpForm-div-container"
    >
      <header>
        <h1
          class="signUp-title-1"
        >
          Let's
        </h1>
        <h1
          class="signUp-title-2"
        >
          Sign Up
        </h1>
      </header>
      <div>
        <p>
          Use the form below to sign up for this super awesome service. You're only a few steps away!
        </p>
      </div>
      <form>
        <fieldset>
          <label>
            <p>
              First Name
            </p>
            <input
              data-testid="firstName"
              id="firstName"
              required=""
              type="text"
              value=""
            />
          </label>
          <label>
            <p>
              Email Address
            </p>
            <input
              data-testid="email"
              id="email"
              required=""
              type="email"
              value=""
            />
          </label>
          <label>
            <p>
              Password
            </p>
            <input
              data-testid="password"
              id="password"
              required=""
              type="password"
              value=""
            />
          </label>
        </fieldset>
        <button
          class="right"
          data-testid="signUpButton"
          type="submit"
          value="Submit"
        >
          Sign Up
        </button>
      </form>
    </div>
  </div>
</DocumentFragment>
`;
